3, 4, 6, 2, 4
3, 4, 6, 2, 8
3, 4, 6, 2, 10
3, 4, 6, 4, 8
3, 4, 6, 4, 10
3, 4, 6, 8, 10
4, 4, 6, 2, 4, 8
4, 4, 6, 2, 4, 10
4, 4, 6, 2, 8, 10
4, 4, 6, 4, 8, 10
5, 4, 6, 2, 4, 8, 10
3, 4, 4, 2, 8
3, 5, 4, 2, 10
3, 4, 4, 8, 10
4, 4, 4, 2, 8, 10
3, 4, 8, 2, 10
